Microchip MPLAB XC8 Compiler V1.44 ()

Linker command line:

-W-3 --edf=C:\Program Files (x86)\Microchip\xc8\v1.44\dat\en_msgs.txt -cs \
  -h+dist/default/production\motorDriver.X.production.sym \
  --cmf=dist/default/production\motorDriver.X.production.cmf -z -Q16F18877 \
  -oC:\Users\Mani\AppData\Local\Temp\s6ak.2 \
  -Mdist/default/production/motorDriver.X.production.map -E1 -ver=XC8 \
  -ASTACK=02161h-02fefh -pstack=STACK -ACODE=00h-07FFhx16 \
  -ASTRCODE=00h-07FFFh -ASTRING=00h-0FFhx128 -ACONST=00h-0FFhx128 \
  -AENTRY=00h-0FFhx128 -ACOMMON=070h-07Fh -ABANK0=020h-06Fh \
  -ABANK1=0A0h-0EFh -ABANK2=0120h-016Fh -ABANK3=01A0h-01EFh \
  -ABANK4=0220h-026Fh -ABANK5=02A0h-02EFh -ABANK6=0320h-036Fh \
  -ABANK7=03A0h-03EFh -ABANK8=0420h-046Fh -ABANK9=04A0h-04EFh \
  -ABANK10=0520h-056Fh -ABANK11=05A0h-05EFh -ABANK12=0620h-066Fh \
  -ABANK13=06A0h-06EFh -ABANK14=0720h-076Fh -ABANK15=07A0h-07EFh \
  -ABANK16=0820h-086Fh -ABANK17=08A0h-08EFh -ABANK18=0920h-096Fh \
  -ABANK19=09A0h-09EFh -ABANK20=0A20h-0A6Fh -ABANK21=0AA0h-0AEFh \
  -ABANK22=0B20h-0B6Fh -ABANK23=0BA0h-0BEFh -ABANK24=0C20h-0C6Fh \
  -ABANK25=0CA0h-0CEFh -ABANK26=0D20h-0D6Fh -ABANK27=0DA0h-0DEFh \
  -ABANK28=0E20h-0E6Fh -ABANK29=0EA0h-0EEFh -ABANK30=0F20h-0F6Fh \
  -ABANK31=0FA0h-0FEFh -ABANK32=01020h-0106Fh -ABANK33=010A0h-010EFh \
  -ABANK34=01120h-0116Fh -ABANK35=011A0h-011EFh -ABANK36=01220h-0126Fh \
  -ABANK37=012A0h-012EFh -ABANK38=01320h-0136Fh -ABANK39=013A0h-013EFh \
  -ABANK40=01420h-0146Fh -ABANK41=014A0h-014EFh -ABANK42=01520h-0156Fh \
  -ABANK43=015A0h-015EFh -ABANK44=01620h-0166Fh -ABANK45=016A0h-016EFh \
  -ABANK46=01720h-0176Fh -ABANK47=017A0h-017EFh -ABANK48=01820h-0186Fh \
  -ABANK49=018A0h-018EFh -ABANK50=01920h-0196Fh -ABIGRAM=02000h-02FEFh \
  -ARAM=020h-06Fh,0A0h-0EFh,0120h-016Fh,01A0h-01EFh,0220h-026Fh,02A0h-02EFh,0320h-036Fh,03A0h-03EFh,0420h-046Fh,04A0h-04EFh,0520h-056Fh,05A0h-05EFh,0620h-066Fh,06A0h-06EFh,0720h-076Fh,07A0h-07EFh,0820h-086Fh,08A0h-08EFh,0920h-096Fh,09A0h-09EFh,0A20h-0A6Fh,0AA0h-0AEFh,0B20h-0B6Fh,0BA0h-0BEFh,0C20h-0C6Fh,0CA0h-0CEFh,0D20h-0D6Fh,0DA0h-0DEFh,0E20h-0E6Fh,0EA0h-0EEFh,0F20h-0F6Fh,0FA0h-0FEFh,01020h-0106Fh,010A0h-010EFh,01120h-0116Fh,011A0h-011EFh,01220h-0126Fh,012A0h-012EFh,01320h-0136Fh,013A0h-013EFh,01420h-0146Fh,014A0h-014EFh,01520h-0156Fh,015A0h-015EFh,01620h-0166Fh,016A0h-016EFh,01720h-0176Fh,017A0h-017EFh,01820h-0186Fh,018A0h-018EFh,01920h-0196Fh \
  -AABS1=020h-07Fh,0A0h-0EFh,0120h-016Fh,01A0h-01EFh,0220h-026Fh,02A0h-02EFh,0320h-036Fh,03A0h-03EFh,0420h-046Fh,04A0h-04EFh,0520h-056Fh,05A0h-05EFh,0620h-066Fh,06A0h-06EFh,0720h-076Fh,07A0h-07EFh,0820h-086Fh,08A0h-08EFh,0920h-096Fh,09A0h-09EFh,0A20h-0A6Fh,0AA0h-0AEFh,0B20h-0B6Fh,0BA0h-0BEFh,0C20h-0C6Fh,0CA0h-0CEFh,0D20h-0D6Fh,0DA0h-0DEFh,0E20h-0E6Fh,0EA0h-0EEFh,0F20h-0F6Fh,0FA0h-0FEFh,01020h-0106Fh,010A0h-010EFh,01120h-0116Fh,011A0h-011EFh,01220h-0126Fh,012A0h-012EFh,01320h-0136Fh,013A0h-013EFh,01420h-0146Fh,014A0h-014EFh,01520h-0156Fh,015A0h-015EFh,01620h-0166Fh,016A0h-016EFh,01720h-0176Fh,017A0h-017EFh,01820h-0186Fh,018A0h-018EFh,01920h-0196Fh \
  -ASFR0=00h-01Fh -ASFR1=080h-09Fh -ASFR2=0100h-011Fh -ASFR3=0180h-019Fh \
  -ASFR4=0200h-021Fh -ASFR5=0280h-029Fh -ASFR6=0300h-031Fh \
  -ASFR7=0380h-039Fh -ASFR8=0400h-041Fh -ASFR9=0480h-049Fh \
  -ASFR10=0500h-051Fh -ASFR11=0580h-059Fh -ASFR12=0600h-061Fh \
  -ASFR13=0680h-069Fh -ASFR14=0700h-071Fh -ASFR15=0780h-079Fh \
  -ASFR16=0800h-081Fh -ASFR17=0880h-089Fh -ASFR18=0900h-091Fh \
  -ASFR19=0980h-099Fh -ASFR20=0A00h-0A1Fh -ASFR21=0A80h-0A9Fh \
  -ASFR22=0B00h-0B1Fh -ASFR23=0B80h-0B9Fh -ASFR24=0C00h-0C1Fh \
  -ASFR25=0C80h-0C9Fh -ASFR26=0D00h-0D1Fh -ASFR27=0D80h-0D9Fh \
  -ASFR28=0E00h-0E1Fh -ASFR29=0E80h-0E9Fh -ASFR30=0F00h-0F1Fh \
  -ASFR31=0F80h-0F9Fh -ASFR32=01000h-0101Fh -ASFR33=01080h-0109Fh \
  -ASFR34=01100h-0111Fh -ASFR35=01180h-0119Fh -ASFR36=01200h-0121Fh \
  -ASFR37=01280h-0129Fh -ASFR38=01300h-0131Fh -ASFR39=01380h-0139Fh \
  -ASFR40=01400h-0141Fh -ASFR41=01480h-0149Fh -ASFR42=01500h-0151Fh \
  -ASFR43=01580h-0159Fh -ASFR44=01600h-0161Fh -ASFR45=01680h-0169Fh \
  -ASFR46=01700h-0171Fh -ASFR47=01780h-0179Fh -ASFR48=01800h-0181Fh \
  -ASFR49=01880h-0189Fh -ASFR50=01900h-0191Fh -ASFR51=01980h-019EFh \
  -ASFR52=01A00h-01A6Fh -ASFR53=01A80h-01AEFh -ASFR54=01B00h-01B6Fh \
  -ASFR55=01B80h-01BEFh -ASFR56=01C00h-01C6Fh -ASFR57=01C80h-01CEFh \
  -ASFR58=01D00h-01D6Fh -ASFR59=01D80h-01DEFh -ASFR60=01E00h-01E6Fh \
  -ASFR61=01E80h-01EEFh -ASFR62=01F00h-01F6Fh -ASFR63=01F80h-01FEFh \
  -preset_vec=00h,intentry=04h,init,end_init -ppowerup=CODE -pcinit=CODE \
  -pfunctab=ENTRY -ACONFIG=08007h-0800Bh -pconfig=CONFIG -DCONFIG=2 \
  -AIDLOC=08000h-08003h -pidloc=IDLOC -DIDLOC=2 -AEEDATA=00h-0FFh/0F000h \
  -peeprom_data=EEDATA -DEEDATA=2 -DCODE=2 -DSTRCODE=2 -DSTRING=2 -DCONST=2 \
  -DENTRY=2 -k C:\Users\Mani\AppData\Local\Temp\s6ak.obj \
  dist/default/production\motorDriver.X.production.obj 

Object code version is 3.11

Machine type is 16F18877



                Name                               Link     Load   Length Selector   Space Scale
C:\Users\Mani\AppData\Local\Temp\s6ak.obj
                end_init                             1D       1D        2        8       0
                reset_vec                             0        0        2        0       0
                config                             8007     8007        5    1000E       0
dist/default/production\motorDriver.X.production.obj
                cinit                                1F       1F       2C        8       0
                intentry                              4        4       19        8       0
                maintext_split_2                     4B       4B      6FE        8       0
                maintext_split_1                   1B31     1B31      116     3662       0
                text67                             21A7     21A7       1B     434E       0
                text66                             20BA     20BA        A     4174       0
                text65                             20C4     20C4        A     4188       0
                text64                              749      749       9E        8       0
                text63                             214E     214E       15     429C       0
                text61                              800      800       1A     1000       0
                text60                             20F3     20F3       12     41E6       0
                text59                             2105     2105       12     420A       0
                text58                             21F9     21F9       1E     43F2       0
                text57                             20A8     20A8        9     4150       0
                text56                             1003     1003       55     2006       0
                text55                             20CE     20CE        B     419C       0
                text54                             20D9     20D9        B     41B2       0
                text53                             20B1     20B1        9     4162       0
                text52                             21C2     21C2       1B     4384       0
                text51                             2081     2081        3     4102       0
                text50                             20E4     20E4        F     41C8       0
                text49                             2084     2084        3     4108       0
                text48                             213B     213B       13     4276       0
                text47                             2087     2087        3     410E       0
                text46                             1800     1800       14     2878       0
                text45                             2273     2273       24     44E6       0
                text44                             2117     2117       12     422E       0
                text43                             2639     2639       82     4C72       0
                text42                             245E     245E       4A     48BC       0
                text41                             2297     2297       25     452E       0
                text40                             24FA     24FA       53     49F4       0
                text39                             23D5     23D5       43     47AA       0
                text38                             1058     1058      1B8     20B0       0
                text37                             1D78     1D78      140     3AF0       0
                text36                             18A6     18A6       C2     314C       0
                text35                             2163     2163       16     42C6       0
                text34                             21DD     21DD       1C     43BA       0
                text33                             2129     2129       12     4252       0
                text32                             22BC     22BC       25     4578       0
                text31                             24A8     24A8       52     4950       0
                text30                             2418     2418       46     4830       0
                text29                             239E     239E       37     473C       0
                text28                             2369     2369       35     46D2       0
                text27                             230C     230C       2D     4618       0
                text26                             26BB     26BB       86     4D76       0
                text25                             143C     143C      3C4     2878       0
                text24                             254D     254D       76     4A9A       0
                text23                             2217     2217       1E     442E       0
                text22                             1EB8     1EB8      148     3D70       0
                text21                             208A     208A        3     4114       0
                text20                             208D     208D        3     411A       0
                text19                             2090     2090        3     4120       0
                text18                             2093     2093        3     4126       0
                text17                             1000     1000        3     177C       0
                text16                             2179     2179       17     42F2       0
                text15                             2190     2190       17     4320       0
                text14                             2339     2339       30     4672       0
                text13                              81A      81A       E0     1034       0
                text12                             1968     1968       C5     32D0       0
                text11                             2235     2235       1F     446A       0
                text10                             2254     2254       1F     44A8       0
                text9                              25C3     25C3       76     4B86       0
                text8                              1814     1814       92     3028       0
                text7                               8FA      8FA      2C4     11F4       0
                text6                              1210     1210      22C     2420       0
                text5                              1C47     1C47      131     388E       0
                text4                              2096     2096        6     412C       0
                text3                               7E7      7E7       19        8       0
                swtext4                            201E     201E        A     4000       0
                text2                              2741     2741       BF     4E82       0
                text1                               BBE      BBE      442     177C       0
                swtext3                            2014     2014        A     4000       0
                swtext2                            200A     200A        A     4000       0
                swtext1                            2000     2000        A     4000       0
                maintext                           1A2D     1A2D      104     345A       0
                cstackBANK0                          20       20       50       20       1
                cstackCOMMON                         73       73        6       70       1
                cstackBANK1                          A0       A0       19       A0       1
                cstackBANK4                         220      220       21      220       1
                clrtext                            209C     209C        6     4138       0
                inittext                           20A2     20A2        6     4144       0
                dataBANK3                           1A0      1A0       2B      1A0       1
                bssBANK3                            1CB      1CB       20      1A0       1
                bssBANK2                            120      120       49      120       1
                bssBANK1                             B9       B9       17       A0       1
                bssCOMMON                            79       79        2       70       1
                bitbssCOMMON                        380       70       18       70       1     8
                stringtext17                       28BE     28BE        2     5000       0
                stringtext16                       28BC     28BC        2     5000       0
                stringtext15                       28BA     28BA        2     5000       0
                stringtext14                       28B6     28B6        4     5000       0
                stringtext13                       28B2     28B2        4     5000       0
                stringtext12                       28A8     28A8        A     5000       0
                stringtext11                       289D     289D        B     5000       0
                stringtext10                       2891     2891        C     5000       0
                stringtext9                        2884     2884        D     5000       0
                stringtext8                        2877     2877        D     5000       0
                stringtext7                        2866     2866       11     5000       0
                stringtext6                        2855     2855       11     5000       0
                stringtext5                        2844     2844       11     5000       0
                stringtext4                        2833     2833       11     5000       0
                stringtext3                        2822     2822       11     5000       0
                stringtext2                        2811     2811       11     5000       0
                stringtext1                        2800     2800       11     5000       0
                nvBANK3                             1EB      1EB        2      1A0       1
                nvBANK2                             169      169        7      120       1
                idataBANK3                         22E1     22E1       2B     45C2       0

TOTAL           Name                               Link     Load   Length     Space
        CLASS   STACK          

        CLASS   CODE           
                end_init                             1D       1D        2         0
                cinit                                1F       1F       2C         0
                intentry                              4        4       19         0
                reset_vec                             0        0        2         0
                maintext_split_2                     4B       4B      6FE         0
                maintext_split_1                   1B31     1B31      116         0
                text67                             21A7     21A7       1B         0
                text66                             20BA     20BA        A         0
                text65                             20C4     20C4        A         0
                text64                              749      749       9E         0
                text63                             214E     214E       15         0
                text61                              800      800       1A         0
                text60                             20F3     20F3       12         0
                text59                             2105     2105       12         0
                text58                             21F9     21F9       1E         0
                text57                             20A8     20A8        9         0
                text56                             1003     1003       55         0
                text55                             20CE     20CE        B         0
                text54                             20D9     20D9        B         0
                text53                             20B1     20B1        9         0
                text52                             21C2     21C2       1B         0
                text51                             2081     2081        3         0
                text50                             20E4     20E4        F         0
                text49                             2084     2084        3         0
                text48                             213B     213B       13         0
                text47                             2087     2087        3         0
                text46                             1800     1800       14         0
                text45                             2273     2273       24         0
                text44                             2117     2117       12         0
                text43                             2639     2639       82         0
                text42                             245E     245E       4A         0
                text41                             2297     2297       25         0
                text40                             24FA     24FA       53         0
                text39                             23D5     23D5       43         0
                text38                             1058     1058      1B8         0
                text37                             1D78     1D78      140         0
                text36                             18A6     18A6       C2         0
                text35                             2163     2163       16         0
                text34                             21DD     21DD       1C         0
                text33                             2129     2129       12         0
                text32                             22BC     22BC       25         0
                text31                             24A8     24A8       52         0
                text30                             2418     2418       46         0
                text29                             239E     239E       37         0
                text28                             2369     2369       35         0
                text27                             230C     230C       2D         0
                text26                             26BB     26BB       86         0
                text25                             143C     143C      3C4         0
                text24                             254D     254D       76         0
                text23                             2217     2217       1E         0
                text22                             1EB8     1EB8      148         0
                text21                             208A     208A        3         0
                text20                             208D     208D        3         0
                text19                             2090     2090        3         0
                text18                             2093     2093        3         0
                text17                             1000     1000        3         0
                text16                             2179     2179       17         0
                text15                             2190     2190       17         0
                text14                             2339     2339       30         0
                text13                              81A      81A       E0         0
                text12                             1968     1968       C5         0
                text11                             2235     2235       1F         0
                text10                             2254     2254       1F         0
                text9                              25C3     25C3       76         0
                text8                              1814     1814       92         0
                text7                               8FA      8FA      2C4         0
                text6                              1210     1210      22C         0
                text5                              1C47     1C47      131         0
                text4                              2096     2096        6         0
                text3                               7E7      7E7       19         0
                text2                              2741     2741       BF         0
                text1                               BBE      BBE      442         0
                maintext                           1A2D     1A2D      104         0
                clrtext                            209C     209C        6         0
                inittext                           20A2     20A2        6         0
                idataBANK3                         22E1     22E1       2B         0

        CLASS   STRCODE        
                stringtext17                       28BE     28BE        2         0
                stringtext16                       28BC     28BC        2         0
                stringtext15                       28BA     28BA        2         0
                stringtext14                       28B6     28B6        4         0
                stringtext13                       28B2     28B2        4         0
                stringtext12                       28A8     28A8        A         0
                stringtext11                       289D     289D        B         0
                stringtext10                       2891     2891        C         0
                stringtext9                        2884     2884        D         0
                stringtext8                        2877     2877        D         0
                stringtext7                        2866     2866       11         0
                stringtext6                        2855     2855       11         0
                stringtext5                        2844     2844       11         0
                stringtext4                        2833     2833       11         0
                stringtext3                        2822     2822       11         0
                stringtext2                        2811     2811       11         0
                stringtext1                        2800     2800       11         0

        CLASS   STRING         

        CLASS   CONST          
                swtext4                            201E     201E        A         0
                swtext3                            2014     2014        A         0
                swtext2                            200A     200A        A         0
                swtext1                            2000     2000        A         0

        CLASS   ENTRY          

        CLASS   COMMON         
                cstackCOMMON                         73       73        6         1
                bssCOMMON                            79       79        2         1
                bitbssCOMMON                        380       70       18         1

        CLASS   BANK0          
                cstackBANK0                          20       20       50         1

        CLASS   BANK1          
                cstackBANK1                          A0       A0       19         1
                bssBANK1                             B9       B9       17         1

        CLASS   BANK2          
                bssBANK2                            120      120       49         1
                nvBANK2                             169      169        7         1

        CLASS   BANK3          
                dataBANK3                           1A0      1A0       2B         1
                bssBANK3                            1CB      1CB       20         1
                nvBANK3                             1EB      1EB        2         1

        CLASS   BANK4          
                cstackBANK4                         220      220       21         1

        CLASS   BANK5          

        CLASS   BANK6          

        CLASS   BANK7          

        CLASS   BANK8          

        CLASS   BANK9          

        CLASS   BANK10         

        CLASS   BANK11         

        CLASS   BANK12         

        CLASS   BANK13         

        CLASS   BANK14         

        CLASS   BANK15         

        CLASS   BANK16         

        CLASS   BANK17         

        CLASS   BANK18         

        CLASS   BANK19         

        CLASS   BANK20         

        CLASS   BANK21         

        CLASS   BANK22         

        CLASS   BANK23         

        CLASS   BANK24         

        CLASS   BANK25         

        CLASS   BANK26         

        CLASS   BANK27         

        CLASS   BANK28         

        CLASS   BANK29         

        CLASS   BANK30         

        CLASS   BANK31         

        CLASS   BANK32         

        CLASS   BANK33         

        CLASS   BANK34         

        CLASS   BANK35         

        CLASS   BANK36         

        CLASS   BANK37         

        CLASS   BANK38         

        CLASS   BANK39         

        CLASS   BANK40         

        CLASS   BANK41         

        CLASS   BANK42         

        CLASS   BANK43         

        CLASS   BANK44         

        CLASS   BANK45         

        CLASS   BANK46         

        CLASS   BANK47         

        CLASS   BANK48         

        CLASS   BANK49         

        CLASS   BANK50         

        CLASS   BIGRAM         

        CLASS   RAM            

        CLASS   ABS1           
                abs_s1                               7E       7E        2         1

        CLASS   SFR0           

        CLASS   SFR1           

        CLASS   SFR2           

        CLASS   SFR3           

        CLASS   SFR4           

        CLASS   SFR5           

        CLASS   SFR6           

        CLASS   SFR7           

        CLASS   SFR8           

        CLASS   SFR9           

        CLASS   SFR10          

        CLASS   SFR11          

        CLASS   SFR12          

        CLASS   SFR13          

        CLASS   SFR14          

        CLASS   SFR15          

        CLASS   SFR16          

        CLASS   SFR17          

        CLASS   SFR18          

        CLASS   SFR19          

        CLASS   SFR20          

        CLASS   SFR21          

        CLASS   SFR22          

        CLASS   SFR23          

        CLASS   SFR24          

        CLASS   SFR25          

        CLASS   SFR26          

        CLASS   SFR27          

        CLASS   SFR28          

        CLASS   SFR29          

        CLASS   SFR30          

        CLASS   SFR31          

        CLASS   SFR32          

        CLASS   SFR33          

        CLASS   SFR34          

        CLASS   SFR35          

        CLASS   SFR36          

        CLASS   SFR37          

        CLASS   SFR38          

        CLASS   SFR39          

        CLASS   SFR40          

        CLASS   SFR41          

        CLASS   SFR42          

        CLASS   SFR43          

        CLASS   SFR44          

        CLASS   SFR45          

        CLASS   SFR46          

        CLASS   SFR47          

        CLASS   SFR48          

        CLASS   SFR49          

        CLASS   SFR50          

        CLASS   SFR51          

        CLASS   SFR52          

        CLASS   SFR53          

        CLASS   SFR54          

        CLASS   SFR55          

        CLASS   SFR56          

        CLASS   SFR57          

        CLASS   SFR58          

        CLASS   SFR59          

        CLASS   SFR60          

        CLASS   SFR61          

        CLASS   SFR62          

        CLASS   SFR63          

        CLASS   CONFIG         
                config                             8007     8007        5         0

        CLASS   IDLOC          

        CLASS   EEDATA         

        CLASS   BANK63         

        CLASS   BANK62         

        CLASS   BANK61         

        CLASS   BANK60         

        CLASS   BANK59         

        CLASS   BANK58         

        CLASS   BANK57         

        CLASS   BANK56         

        CLASS   BANK55         

        CLASS   BANK54         

        CLASS   BANK53         

        CLASS   BANK52         

        CLASS   BANK51         



SEGMENTS        Name                           Load    Length   Top    Selector   Space  Class     Delta

                reset_vec                      000000  000002  000002         0       0  CODE        2
                intentry                       000004  0007FC  000800         8       0  CODE        2
                cstackBANK0                    000020  000050  000070        20       1  BANK0       1
                bitbssCOMMON                   000070  00000B  00007B        70       1  COMMON      1
                cstackBANK1                    0000A0  000030  0000D0        A0       1  BANK1       1
                bssBANK2                       000120  000050  000170       120       1  BANK2       1
                dataBANK3                      0001A0  00004D  0001ED       1A0       1  BANK3       1
                cstackBANK4                    000220  000021  000241       220       1  BANK4       1
                text61                         000800  00001A  00081A      1000       0  CODE        2
                text13                         00081A  0000E0  0008FA      1034       0  CODE        2
                text7                          0008FA  0002C4  000BBE      11F4       0  CODE        2
                text1                          000BBE  000445  001003      177C       0  CODE        2
                text56                         001003  000055  001058      2006       0  CODE        2
                text38                         001058  0001B8  001210      20B0       0  CODE        2
                text6                          001210  00022C  00143C      2420       0  CODE        2
                text25                         00143C  0003D8  001814      2878       0  CODE        2
                text8                          001814  000092  0018A6      3028       0  CODE        2
                text36                         0018A6  0000C2  001968      314C       0  CODE        2
                text12                         001968  0000C5  001A2D      32D0       0  CODE        2
                maintext                       001A2D  000104  001B31      345A       0  CODE        2
                maintext_split_1               001B31  000116  001C47      3662       0  CODE        2
                text5                          001C47  000131  001D78      388E       0  CODE        2
                text37                         001D78  000140  001EB8      3AF0       0  CODE        2
                text22                         001EB8  000148  002000      3D70       0  CODE        2
                swtext1                        002000  000028  002028      4000       0  CONST       2
                text51                         002081  000003  002084      4102       0  CODE        2
                text49                         002084  000003  002087      4108       0  CODE        2
                text47                         002087  000003  00208A      410E       0  CODE        2
                text21                         00208A  000003  00208D      4114       0  CODE        2
                text20                         00208D  000003  002090      411A       0  CODE        2
                text19                         002090  000003  002093      4120       0  CODE        2
                text18                         002093  000003  002096      4126       0  CODE        2
                text4                          002096  000006  00209C      412C       0  CODE        2
                clrtext                        00209C  000006  0020A2      4138       0  CODE        2
                inittext                       0020A2  000006  0020A8      4144       0  CODE        2
                text57                         0020A8  000009  0020B1      4150       0  CODE        2
                text53                         0020B1  000009  0020BA      4162       0  CODE        2
                text66                         0020BA  00000A  0020C4      4174       0  CODE        2
                text65                         0020C4  00000A  0020CE      4188       0  CODE        2
                text55                         0020CE  00000B  0020D9      419C       0  CODE        2
                text54                         0020D9  00000B  0020E4      41B2       0  CODE        2
                text50                         0020E4  00000F  0020F3      41C8       0  CODE        2
                text60                         0020F3  000012  002105      41E6       0  CODE        2
                text59                         002105  000012  002117      420A       0  CODE        2
                text44                         002117  000012  002129      422E       0  CODE        2
                text33                         002129  000012  00213B      4252       0  CODE        2
                text48                         00213B  000013  00214E      4276       0  CODE        2
                text63                         00214E  000015  002163      429C       0  CODE        2
                text35                         002163  000016  002179      42C6       0  CODE        2
                text16                         002179  000017  002190      42F2       0  CODE        2
                text15                         002190  000017  0021A7      4320       0  CODE        2
                text67                         0021A7  00001B  0021C2      434E       0  CODE        2
                text52                         0021C2  00001B  0021DD      4384       0  CODE        2
                text34                         0021DD  00001C  0021F9      43BA       0  CODE        2
                text58                         0021F9  00001E  002217      43F2       0  CODE        2
                text23                         002217  00001E  002235      442E       0  CODE        2
                text11                         002235  00001F  002254      446A       0  CODE        2
                text10                         002254  00001F  002273      44A8       0  CODE        2
                text45                         002273  000024  002297      44E6       0  CODE        2
                text41                         002297  000025  0022BC      452E       0  CODE        2
                text32                         0022BC  000025  0022E1      4578       0  CODE        2
                idataBANK3                     0022E1  00002B  00230C      45C2       0  CODE        2
                text27                         00230C  00002D  002339      4618       0  CODE        2
                text14                         002339  000030  002369      4672       0  CODE        2
                text28                         002369  000035  00239E      46D2       0  CODE        2
                text29                         00239E  000037  0023D5      473C       0  CODE        2
                text39                         0023D5  000043  002418      47AA       0  CODE        2
                text30                         002418  000046  00245E      4830       0  CODE        2
                text42                         00245E  00004A  0024A8      48BC       0  CODE        2
                text31                         0024A8  000052  0024FA      4950       0  CODE        2
                text40                         0024FA  000053  00254D      49F4       0  CODE        2
                text24                         00254D  000076  0025C3      4A9A       0  CODE        2
                text9                          0025C3  000076  002639      4B86       0  CODE        2
                text43                         002639  000082  0026BB      4C72       0  CODE        2
                text26                         0026BB  000086  002741      4D76       0  CODE        2
                text2                          002741  0000BF  002800      4E82       0  CODE        2
                stringtext1                    002800  0000C0  0028C0      5000       0  STRCODE     2
                config                         008007  000005  00800C     1000E       0  CONFIG      2


UNUSED ADDRESS RANGES

        Name                Unused          Largest block    Delta
        BANK1            0000D0-0000EF               20           1
        BANK10           000520-00056F               50           1
        BANK11           0005A0-0005EF               50           1
        BANK12           000620-00066F               50           1
        BANK13           0006A0-0006EF               50           1
        BANK14           000720-00076F               50           1
        BANK15           0007A0-0007EF               50           1
        BANK16           000820-00086F               50           1
        BANK17           0008A0-0008EF               50           1
        BANK18           000920-00096F               50           1
        BANK19           0009A0-0009EF               50           1
        BANK20           000A20-000A6F               50           1
        BANK21           000AA0-000AEF               50           1
        BANK22           000B20-000B6F               50           1
        BANK23           000BA0-000BEF               50           1
        BANK24           000C20-000C6F               50           1
        BANK25           000CA0-000CEF               50           1
        BANK26           000D20-000D6F               50           1
        BANK27           000DA0-000DEF               50           1
        BANK28           000E20-000E6F               50           1
        BANK29           000EA0-000EEF               50           1
        BANK3            0001ED-0001EF                3           1
        BANK30           000F20-000F6F               50           1
        BANK31           000FA0-000FEF               50           1
        BANK32           001020-00106F               50           1
        BANK33           0010A0-0010EF               50           1
        BANK34           001120-00116F               50           1
        BANK35           0011A0-0011EF               50           1
        BANK36           001220-00126F               50           1
        BANK37           0012A0-0012EF               50           1
        BANK38           001320-00136F               50           1
        BANK39           0013A0-0013EF               50           1
        BANK4            000241-00026F               2F           1
        BANK40           001420-00146F               50           1
        BANK41           0014A0-0014EF               50           1
        BANK42           001520-00156F               50           1
        BANK43           0015A0-0015EF               50           1
        BANK44           001620-00166F               50           1
        BANK45           0016A0-0016EF               50           1
        BANK46           001720-00176F               50           1
        BANK47           0017A0-0017EF               50           1
        BANK48           001820-00186F               50           1
        BANK49           0018A0-0018EF               50           1
        BANK5            0002A0-0002EF               50           1
        BANK50           001920-00196F               50           1
        BANK6            000320-00036F               50           1
        BANK7            0003A0-0003EF               50           1
        BANK8            000420-00046F               50           1
        BANK9            0004A0-0004EF               50           1
        BIGRAM           002000-002FEF              FF0           1
        CODE             000002-000003                2           2
                         002028-002080               59
                         0028C0-007FFF              800
        COMMON           00007B-00007D                3           1
        CONST            000002-000003                2           2
                         002028-002080               59
                         0028C0-007FFF              100
        EEDATA           00F000-00F0FF              100           2
        ENTRY            000002-000003                2           2
                         002028-002080               59
                         0028C0-007FFF              100
        IDLOC            008000-008003                4           2
        RAM              0000D0-0000EF               20           1
                         0001ED-0001EF                3
                         000241-00026F               2F
                         0002A0-0002EF               50
                         000320-00036F               50
                         0003A0-0003EF               50
                         000420-00046F               50
                         0004A0-0004EF               50
                         000520-00056F               50
                         0005A0-0005EF               50
                         000620-00066F               50
                         0006A0-0006EF               50
                         000720-00076F               50
                         0007A0-0007EF               50
                         000820-00086F               50
                         0008A0-0008EF               50
                         000920-00096F               50
                         0009A0-0009EF               50
                         000A20-000A6F               50
                         000AA0-000AEF               50
                         000B20-000B6F               50
                         000BA0-000BEF               50
                         000C20-000C6F               50
                         000CA0-000CEF               50
                         000D20-000D6F               50
                         000DA0-000DEF               50
                         000E20-000E6F               50
                         000EA0-000EEF               50
                         000F20-000F6F               50
                         000FA0-000FEF               50
                         001020-00106F               50
                         0010A0-0010EF               50
                         001120-00116F               50
                         0011A0-0011EF               50
                         001220-00126F               50
                         0012A0-0012EF               50
                         001320-00136F               50
                         0013A0-0013EF               50
                         001420-00146F               50
                         0014A0-0014EF               50
                         001520-00156F               50
                         0015A0-0015EF               50
                         001620-00166F               50
                         0016A0-0016EF               50
                         001720-00176F               50
                         0017A0-0017EF               50
                         001820-00186F               50
                         0018A0-0018EF               50
                         001920-00196F               50
        SFR0             000000-00001F               20           1
        SFR1             000080-00009F               20           1
        SFR10            000500-00051F               20           1
        SFR11            000580-00059F               20           1
        SFR12            000600-00061F               20           1
        SFR13            000680-00069F               20           1
        SFR14            000700-00071F               20           1
        SFR15            000780-00079F               20           1
        SFR16            000800-00081F               20           1
        SFR17            000880-00089F               20           1
        SFR18            000900-00091F               20           1
        SFR19            000980-00099F               20           1
        SFR2             000100-00011F               20           1
        SFR20            000A00-000A1F               20           1
        SFR21            000A80-000A9F               20           1
        SFR22            000B00-000B1F               20           1
        SFR23            000B80-000B9F               20           1
        SFR24            000C00-000C1F               20           1
        SFR25            000C80-000C9F               20           1
        SFR26            000D00-000D1F               20           1
        SFR27            000D80-000D9F               20           1
        SFR28            000E00-000E1F               20           1
        SFR29            000E80-000E9F               20           1
        SFR3             000180-00019F               20           1
        SFR30            000F00-000F1F               20           1
        SFR31            000F80-000F9F               20           1
        SFR32            001000-00101F               20           1
        SFR33            001080-00109F               20           1
        SFR34            001100-00111F               20           1
        SFR35            001180-00119F               20           1
        SFR36            001200-00121F               20           1
        SFR37            001280-00129F               20           1
        SFR38            001300-00131F               20           1
        SFR39            001380-00139F               20           1
        SFR4             000200-00021F               20           1
        SFR40            001400-00141F               20           1
        SFR41            001480-00149F               20           1
        SFR42            001500-00151F               20           1
        SFR43            001580-00159F               20           1
        SFR44            001600-00161F               20           1
        SFR45            001680-00169F               20           1
        SFR46            001700-00171F               20           1
        SFR47            001780-00179F               20           1
        SFR48            001800-00181F               20           1
        SFR49            001880-00189F               20           1
        SFR5             000280-00029F               20           1
        SFR50            001900-00191F               20           1
        SFR51            001980-0019EF               70           1
        SFR52            001A00-001A6F               70           1
        SFR53            001A80-001AEF               70           1
        SFR54            001B00-001B6F               70           1
        SFR55            001B80-001BEF               70           1
        SFR56            001C00-001C6F               70           1
        SFR57            001C80-001CEF               70           1
        SFR58            001D00-001D6F               70           1
        SFR59            001D80-001DEF               70           1
        SFR6             000300-00031F               20           1
        SFR60            001E00-001E6F               70           1
        SFR61            001E80-001EEF               70           1
        SFR62            001F00-001F6F               70           1
        SFR63            001F80-001FEF               70           1
        SFR7             000380-00039F               20           1
        SFR8             000400-00041F               20           1
        SFR9             000480-00049F               20           1
        STACK            002161-002FEF              E8F           1
        STRCODE          000002-000003                2           2
                         002028-002080               59
                         0028C0-007FFF             5740
        STRING           000002-000003                2           2
                         002028-002080               59
                         0028C0-007FFF              100

                                  Symbol Table

?_ADCC_GetSingleConversion                cstackBANK0      000020
?_TMR3_ReadTimer                          cstackCOMMON     000073
?_TMR5_ReadTimer                          cstackCOMMON     000073
?___aldiv                                 cstackBANK0      00002C
?___awdiv                                 cstackBANK0      000020
?___awmod                                 cstackBANK0      000020
?___lldiv                                 cstackBANK0      000020
?___llmod                                 cstackBANK0      00002E
?___lmul                                  cstackBANK0      000020
?___lwdiv                                 cstackBANK0      000020
?___lwmod                                 cstackBANK0      000020
?___wmul                                  cstackBANK0      000020
ADCC_GetSingleConversion@channel          cstackBANK0      000023
PIN_MANAGER_Initialize@state              cstackBANK0      000020
PWM3_LoadDutyValue@dutyValue              cstackBANK0      000020
PWM4_LoadDutyValue@dutyValue              cstackBANK0      000020
TMR0_SetInterruptHandler@InterruptHandler cstackBANK0      000020
TMR3_ReadTimer@readVal                    cstackCOMMON     000075
TMR3_WriteTimer@timerVal                  cstackBANK0      000020
TMR5_ReadTimer@readVal                    cstackCOMMON     000075
TMR5_WriteTimer@timerVal                  cstackBANK0      000020
_ADACCH                                   (abs)            000091
_ADACCL                                   (abs)            000090
_ADACQ                                    (abs)            00009D
_ADACT                                    (abs)            000099
_ADCAP                                    (abs)            00009B
_ADCC_GetSingleConversion                 text44           002117
_ADCC_Initialize                          text61           000800
_ADCLK                                    (abs)            000098
_ADCNT                                    (abs)            00010C
_ADCON0                                   (abs)            000093
_ADCON0bits                               (abs)            000093
_ADCON1                                   (abs)            000094
_ADCON1bits                               (abs)            000094
_ADCON2                                   (abs)            000095
_ADCON2bits                               (abs)            000095
_ADCON3                                   (abs)            000096
_ADCON3bits                               (abs)            000096
_ADERRH                                   (abs)            000117
_ADERRL                                   (abs)            000116
_ADFLTRH                                  (abs)            000115
_ADFLTRL                                  (abs)            000114
_ADLTHH                                   (abs)            00010F
_ADLTHL                                   (abs)            00010E
_ADPCH                                    (abs)            00009E
_ADPRE                                    (abs)            00009C
_ADPREVH                                  (abs)            00008F
_ADPREVL                                  (abs)            00008E
_ADREF                                    (abs)            00009A
_ADRESH                                   (abs)            00008D
_ADRESL                                   (abs)            00008C
_ADRPT                                    (abs)            00010D
_ADSTAT                                   (abs)            000097
_ADSTATbits                               (abs)            000097
_ADSTPTH                                  (abs)            000113
_ADSTPTL                                  (abs)            000112
_ADUTHH                                   (abs)            000111
_ADUTHL                                   (abs)            000110
_ANSELA                                   (abs)            001F38
_ANSELB                                   (abs)            001F43
_ANSELC                                   (abs)            001F4E
_ANSELD                                   (abs)            001F59
_ANSELE                                   (abs)            001F64
_BAUD1CON                                 (abs)            00011F
_CCP3CON                                  (abs)            000316
_CCP3CONbits                              (abs)            000316
_CCP4CON                                  (abs)            00031A
_CCP4CONbits                              (abs)            00031A
_CCPR3H                                   (abs)            000315
_CCPR3L                                   (abs)            000314
_CCPR4H                                   (abs)            000319
_CCPR4L                                   (abs)            000318
_CCPTMRS0bits                             (abs)            00021E
_CWG1AS0                                  (abs)            000612
_CWG1AS0bits                              (abs)            000612
_CWG1AS1                                  (abs)            000613
_CWG1CLKCON                               (abs)            00060C
_CWG1CON0                                 (abs)            000610
_CWG1CON0bits                             (abs)            000610
_CWG1CON1                                 (abs)            000611
_CWG1DBF                                  (abs)            00060F
_CWG1DBR                                  (abs)            00060E
_CWG1ISM                                  (abs)            00060D
_CWG1STR                                  (abs)            000614
_CWG1_Initialize                          text60           0020F3
_CWG2AS0                                  (abs)            00061C
_CWG2AS0bits                              (abs)            00061C
_CWG2AS1                                  (abs)            00061D
_CWG2CLKCON                               (abs)            000616
_CWG2CON0                                 (abs)            00061A
_CWG2CON0bits                             (abs)            00061A
_CWG2CON1                                 (abs)            00061B
_CWG2DBF                                  (abs)            000619
_CWG2DBR                                  (abs)            000618
_CWG2ISM                                  (abs)            000617
_CWG2STR                                  (abs)            00061E
_CWG2_Initialize                          text59           002105
_DoorClosed                               bitbssCOMMON     000395
_EUSART_Initialize                        text58           0021F9
_EUSART_Receive_ISR                       text67           0021A7
_GIE                                      (abs)            00005F
_INTCONbits                               (abs)            00000B
_INTERRUPT_InterruptManager               intentry         000004
_INTPPSbits                               (abs)            001E90
_IR                                       bitbssCOMMON     000380
_LATA                                     (abs)            000016
_LATB                                     (abs)            000017
_LATC                                     (abs)            000018
_LATD                                     (abs)            000019
_LATE                                     (abs)            00001A
_NVMADRH                                  (abs)            00081B
_NVMADRL                                  (abs)            00081A
_NVMCON1bits                              (abs)            00081E
_NVMCON2                                  (abs)            00081F
_NVMDATH                                  (abs)            00081D
_NVMDATL                                  (abs)            00081C
_ODCONA                                   (abs)            001F3A
_ODCONB                                   (abs)            001F45
_ODCONC                                   (abs)            001F50
_ODCOND                                   (abs)            001F5B
_ODCONE                                   (abs)            001F66
_OSCCON1                                  (abs)            00088D
_OSCCON3                                  (abs)            00088F
_OSCEN                                    (abs)            000891
_OSCFRQ                                   (abs)            000893
_OSCILLATOR_Initialize                    text57           0020A8
_OSCTUNE                                  (abs)            000892
_PIE0bits                                 (abs)            000716
_PIE3bits                                 (abs)            000719
_PIN_MANAGER_Initialize                   text56           001003
_PIR0bits                                 (abs)            00070C
_PIR3bits                                 (abs)            00070F
_PIR4bits                                 (abs)            000710
_PORTB                                    (abs)            00000D
_PORTC                                    (abs)            00000E
_PORTD                                    (abs)            00000F
_PPSLOCK                                  (abs)            001E8F
_PPSLOCKbits                              (abs)            001E8F
_PR2                                      (abs)            00028D
_PWM3_Initialize                          text55           0020CE
_PWM3_LoadDutyValue                       text11           002235
_PWM4_Initialize                          text54           0020D9
_PWM4_LoadDutyValue                       text10           002254
_RA5                                      (abs)            000065
_RB0                                      (abs)            000068
_RB2                                      (abs)            00006A
_RB3                                      (abs)            00006B
_RC0                                      (abs)            000070
_RC1                                      (abs)            000071
_RC1REG                                   (abs)            000119
_RC1STA                                   (abs)            00011D
_RC1STAbits                               (abs)            00011D
_RC2                                      (abs)            000072
_RC4                                      (abs)            000074
_RC6PPS                                   (abs)            001F26
_RD0PPS                                   (abs)            001F28
_RD1PPS                                   (abs)            001F29
_RD2PPS                                   (abs)            001F2A
_RD3PPS                                   (abs)            001F2B
_RD4                                      (abs)            00007C
_RD5                                      (abs)            00007D
_RD6                                      (abs)            00007E
_RD7                                      (abs)            00007F
_RE0                                      (abs)            000080
_RE1                                      (abs)            000081
_RE2                                      (abs)            000082
_SP1BRGH                                  (abs)            00011C
_SP1BRGL                                  (abs)            00011B
_STARTED                                  bitbssCOMMON     000397
_STATUSbits                               (abs)            000003
_SYSTEM_Initialize                        text45           002273
_SetParamCount                            bssBANK2         000166
_T0CON0                                   (abs)            00001E
_T0CON0bits                               (abs)            00001E
_T0CON1                                   (abs)            00001F
_T2CLKCON                                 (abs)            000290
_T2CON                                    (abs)            00028E
_T2CONbits                                (abs)            00028E
_T2HLT                                    (abs)            00028F
_T2HLTbits                                (abs)            00028F
_T2PR                                     (abs)            00028D
_T2RST                                    (abs)            000291
_T2RSTbits                                (abs)            000291
_T2TMR                                    (abs)            00028C
_T3CKIPPSbits                             (abs)            001E94
_T3CLK                                    (abs)            000217
_T3CON                                    (abs)            000214
_T3CONbits                                (abs)            000214
_T3GATE                                   (abs)            000216
_T3GCON                                   (abs)            000215
_T3GCONbits                               (abs)            000215
_T5CKIPPSbits                             (abs)            001E96
_T5CLK                                    (abs)            00021D
_T5CON                                    (abs)            00021A
_T5CONbits                                (abs)            00021A
_T5GATE                                   (abs)            00021C
_T5GCON                                   (abs)            00021B
_T5GCONbits                               (abs)            00021B
_TMR0H                                    (abs)            00001D
_TMR0L                                    (abs)            00001C
_TMR0_DefaultInterruptHandler             text64           000749
_TMR0_ISR                                 text63           00214E
_TMR0_Initialize                          text52           0021C2
_TMR0_InterruptHandler                    nvBANK3          0001EB
_TMR0_SetInterruptHandler                 text53           0020B1
_TMR0_StartTimer                          text21           00208A
_TMR0_StopTimer                           text20           00208D
_TMR2                                     (abs)            00028C
_TMR2_Initialize                          text50           0020E4
_TMR2_Start                               text51           002081
_TMR2_StartTimer                          text19           002090
_TMR2_Stop                                text18           002093
_TMR2_StopTimer                           text17           001000
_TMR3H                                    (abs)            000213
_TMR3L                                    (abs)            000212
_TMR3_Initialize                          text48           00213B
_TMR3_ReadTimer                           text66           0020BA
_TMR3_StartTimer                          text49           002084
_TMR3_WriteTimer                          text16           002179
_TMR5H                                    (abs)            000219
_TMR5L                                    (abs)            000218
_TMR5_Initialize                          text46           001800
_TMR5_ReadTimer                           text65           0020C4
_TMR5_StartTimer                          text47           002087
_TMR5_WriteTimer                          text15           002190
_TRISA                                    (abs)            000011
_TRISB                                    (abs)            000012
_TRISC                                    (abs)            000013
_TRISD                                    (abs)            000014
_TRISE                                    (abs)            000015
_TX1REG                                   (abs)            00011A
_TX1STA                                   (abs)            00011E
_WPUA                                     (abs)            001F39
_WPUB                                     (abs)            001F44
_WPUC                                     (abs)            001F4F
_WPUD                                     (abs)            001F5A
_WPUE                                     (abs)            001F65
_WR                                       (abs)            0040F1
__CFG_BOREN$OFF                           (abs)            000000
__CFG_BORV$LO                             (abs)            000000
__CFG_CLKOUTEN$OFF                        (abs)            000000
__CFG_CP$OFF                              (abs)            000000
__CFG_CPD$OFF                             (abs)            000000
__CFG_CSWEN$ON                            (abs)            000000
__CFG_DEBUG$OFF                           (abs)            000000
__CFG_FCMEN$ON                            (abs)            000000
__CFG_FEXTOSC$OFF                         (abs)            000000
__CFG_LPBOREN$OFF                         (abs)            000000
__CFG_LVP$ON                              (abs)            000000
__CFG_MCLRE$ON                            (abs)            000000
__CFG_PPS1WAY$ON                          (abs)            000000
__CFG_PWRTE$OFF                           (abs)            000000
__CFG_RSTOSC$HFINT1                       (abs)            000000
__CFG_SCANE$not_available                 (abs)            000000
__CFG_STVREN$OFF                          (abs)            000000
__CFG_WDTCCS$SC                           (abs)            000000
__CFG_WDTCPS$WDTCPS_31                    (abs)            000000
__CFG_WDTCWS$WDTCWS_7                     (abs)            000000
__CFG_WDTE$OFF                            (abs)            000000
__CFG_WRT$OFF                             (abs)            000000
__CFG_ZCD$OFF                             (abs)            000000
__Habs1                                   abs1             000000
__Hbank0                                  bank0            000000
__Hbank1                                  bank1            000000
__Hbank10                                 bank10           000000
__Hbank11                                 bank11           000000
__Hbank12                                 bank12           000000
__Hbank13                                 bank13           000000
__Hbank14                                 bank14           000000
__Hbank15                                 bank15           000000
__Hbank16                                 bank16           000000
__Hbank17                                 bank17           000000
__Hbank18                                 bank18           000000
__Hbank19                                 bank19           000000
__Hbank2                                  bank2            000000
__Hbank20                                 bank20           000000
__Hbank21                                 bank21           000000
__Hbank22                                 bank22           000000
__Hbank23                                 bank23           000000
__Hbank24                                 bank24           000000
__Hbank25                                 bank25           000000
__Hbank26                                 bank26           000000
__Hbank27                                 bank27           000000
__Hbank28                                 bank28           000000
__Hbank29                                 bank29           000000
__Hbank3                                  bank3            000000
__Hbank30                                 bank30           000000
__Hbank31                                 bank31           000000
__Hbank32                                 bank32           000000
__Hbank33                                 bank33           000000
__Hbank34                                 bank34           000000
__Hbank35                                 bank35           000000
__Hbank36                                 bank36           000000
__Hbank37                                 bank37           000000
__Hbank38                                 bank38           000000
__Hbank39                                 bank39           000000
__Hbank4                                  bank4            000000
__Hbank40                                 bank40           000000
__Hbank41                                 bank41           000000
__Hbank42                                 bank42           000000
__Hbank43                                 bank43           000000
__Hbank44                                 bank44           000000
__Hbank45                                 bank45           000000
__Hbank46                                 bank46           000000
__Hbank47                                 bank47           000000
__Hbank48                                 bank48           000000
__Hbank49                                 bank49           000000
__Hbank5                                  bank5            000000
__Hbank50                                 bank50           000000
__Hbank51                                 bank51           000000
__Hbank52                                 bank52           000000
__Hbank53                                 bank53           000000
__Hbank54                                 bank54           000000
__Hbank55                                 bank55           000000
__Hbank56                                 bank56           000000
__Hbank57                                 bank57           000000
__Hbank58                                 bank58           000000
__Hbank59                                 bank59           000000
__Hbank6                                  bank6            000000
__Hbank60                                 bank60           000000
__Hbank61                                 bank61           000000
__Hbank62                                 bank62           000000
__Hbank63                                 bank63           000000
__Hbank7                                  bank7            000000
__Hbank8                                  bank8            000000
__Hbank9                                  bank9            000000
__Hbigram                                 bigram           000000
__HbitbssCOMMON                           bitbssCOMMON     000000
__HbssBANK1                               bssBANK1         000000
__HbssBANK2                               bssBANK2         000000
__HbssBANK3                               bssBANK3         000000
__HbssCOMMON                              bssCOMMON        000000
__Hcinit                                  cinit            00004B
__Hclrtext                                clrtext          000000
__Hcode                                   code             000000
__Hcommon                                 common           000000
__Hconfig                                 config           00800C
__HcstackBANK0                            cstackBANK0      000000
__HcstackBANK1                            cstackBANK1      000000
__HcstackBANK4                            cstackBANK4      000000
__HcstackCOMMON                           cstackCOMMON     000000
__HdataBANK3                              dataBANK3        000000
__Heeprom_data                            eeprom_data      000000
__Hend_init                               end_init         00001F
__Hfunctab                                functab          000000
__HidataBANK3                             idataBANK3       000000
__Hidloc                                  idloc            000000
__Hinit                                   init             00001D
__Hinittext                               inittext         000000
__Hintentry                               intentry         00001D
__Hmaintext                               maintext         000000
__Hmaintext_split_1                       maintext_split_1 000000
__Hmaintext_split_2                       maintext_split_2 000000
__HnvBANK2                                nvBANK2          000000
__HnvBANK3                                nvBANK3          000000
__Hpowerup                                powerup          000000
__Hram                                    ram              000000
__Hreset_vec                              reset_vec        000002
__Hsfr0                                   sfr0             000000
__Hsfr1                                   sfr1             000000
__Hsfr10                                  sfr10            000000
__Hsfr11                                  sfr11            000000
__Hsfr12                                  sfr12            000000
__Hsfr13                                  sfr13            000000
__Hsfr14                                  sfr14            000000
__Hsfr15                                  sfr15            000000
__Hsfr16                                  sfr16            000000
__Hsfr17                                  sfr17            000000
__Hsfr18                                  sfr18            000000
__Hsfr19                                  sfr19            000000
__Hsfr2                                   sfr2             000000
__Hsfr20                                  sfr20            000000
__Hsfr21                                  sfr21            000000
__Hsfr22                                  sfr22            000000
__Hsfr23                                  sfr23            000000
__Hsfr24                                  sfr24            000000
__Hsfr25                                  sfr25            000000
__Hsfr26                                  sfr26            000000
__Hsfr27                                  sfr27            000000
__Hsfr28                                  sfr28            000000
__Hsfr29                                  sfr29            000000
__Hsfr3                                   sfr3             000000
__Hsfr30                                  sfr30            000000
__Hsfr31                                  sfr31            000000
__Hsfr32                                  sfr32            000000
__Hsfr33                                  sfr33            000000
__Hsfr34                                  sfr34            000000
__Hsfr35                                  sfr35            000000
__Hsfr36                                  sfr36            000000
__Hsfr37                                  sfr37            000000
__Hsfr38                                  sfr38            000000
__Hsfr39                                  sfr39            000000
__Hsfr4                                   sfr4             000000
__Hsfr40                                  sfr40            000000
__Hsfr41                                  sfr41            000000
__Hsfr42                                  sfr42            000000
__Hsfr43                                  sfr43            000000
__Hsfr44                                  sfr44            000000
__Hsfr45                                  sfr45            000000
__Hsfr46                                  sfr46            000000
__Hsfr47                                  sfr47            000000
__Hsfr48                                  sfr48            000000
__Hsfr49                                  sfr49            000000
__Hsfr5                                   sfr5             000000
__Hsfr50                                  sfr50            000000
__Hsfr51                                  sfr51            000000
__Hsfr52                                  sfr52            000000
__Hsfr53                                  sfr53            000000
__Hsfr54                                  sfr54            000000
__Hsfr55                                  sfr55            000000
__Hsfr56                                  sfr56            000000
__Hsfr57                                  sfr57            000000
__Hsfr58                                  sfr58            000000
__Hsfr59                                  sfr59            000000
__Hsfr6                                   sfr6             000000
__Hsfr60                                  sfr60            000000
__Hsfr61                                  sfr61            000000
__Hsfr62                                  sfr62            000000
__Hsfr63                                  sfr63            000000
__Hsfr7                                   sfr7             000000
__Hsfr8                                   sfr8             000000
__Hsfr9                                   sfr9             000000
__Hspace_0                                (abs)            00800C
__Hspace_1                                (abs)            000398
__Hspace_2                                (abs)            000000
__Hspace_3                                (abs)            000000
__Hstack                                  stack            000000
__Hstrings                                strings          000000
__Hstringtext1                            stringtext1      000000
__Hstringtext10                           stringtext10     000000
__Hstringtext11                           stringtext11     000000
__Hstringtext12                           stringtext12     000000
__Hstringtext13                           stringtext13     000000
__Hstringtext14                           stringtext14     000000
__Hstringtext15                           stringtext15     000000
__Hstringtext16                           stringtext16     000000
__Hstringtext17                           stringtext17     000000
__Hstringtext18                           stringtext18     000000
__Hstringtext2                            stringtext2      000000
__Hstringtext3                            stringtext3      000000
__Hstringtext4                            stringtext4      000000
__Hstringtext5                            stringtext5      000000
__Hstringtext6                            stringtext6      000000
__Hstringtext7                            stringtext7      000000
__Hstringtext8                            stringtext8      000000
__Hstringtext9                            stringtext9      000000
__Htext                                   text             000000
[...]
      Locals:         0       0       0       0       0       0       0       0       0       0       0       0       0       0       0       0       0       0       0       0       0       0       0       0       0       0       0       0       0       0       0       0       0       0       0       0       0       0       0       0       0       0       0       0       0       0       0       0       0       0       0       0
      Temps:          0       0       0       0       0       0       0       0       0       0       0       0       0       0       0       0       0       0       0       0       0       0       0       0       0       0       0       0       0       0       0       0       0       0       0       0       0       0       0       0       0       0       0       0       0       0       0       0       0       0       0       0
      Totals:         0       0       0       0       0       0       0       0       0       0       0       0       0       0       0       0       0       0       0       0       0       0       0       0       0       0       0       0       0       0       0       0       0       0       0       0       0       0       0       0       0       0       0       0       0       0       0       0       0       0       0       0
Total ram usage:        0 bytes
 Hardware stack levels used:    1
 Hardware stack levels required when called:    2
 This function calls:
		Absolute function
		_TMR0_DefaultInterruptHandler
 This function is called by:
		_INTERRUPT_InterruptManager
 This function uses a non-reentrant model


 *************** function _TMR0_DefaultInterruptHandler *****************
 Defined at:
		line 155 in file "mcc_generated_files/tmr0.c"
 Parameters:    Size  Location     Type
		None
 Auto vars:     Size  Location     Type
		None
 Return value:  Size  Location     Type
                  1    wreg      void 
 Registers used:
		wreg, status,2, status,0, pclath, cstack
 Tracked objects:
		On entry : 
		On exit  : 
		Unchanged: 
 Data sizes:     COMMON   BANK0   BANK1   BANK2   BANK3   BANK4   BANK5   BANK6   BANK7   BANK8   BANK9  BANK10  BANK11  BANK12  BANK13  BANK14  BANK15  BANK16  BANK17  BANK18  BANK19  BANK20  BANK21  BANK22  BANK23  BANK24  BANK25  BANK26  BANK27  BANK28  BANK29  BANK30  BANK31  BANK32  BANK33  BANK34  BANK35  BANK36  BANK37  BANK38  BANK39  BANK40  BANK41  BANK42  BANK43  BANK44  BANK45  BANK46  BANK47  BANK48  BANK49  BANK50
      Params:         0       0       0       0       0       0       0       0       0       0       0       0       0       0       0       0       0       0       0       0       0       0       0       0       0       0       0       0       0       0       0       0       0       0       0       0       0       0       0       0       0       0       0       0       0       0       0       0       0       0       0       0
      Locals:         0       0       0       0       0       0       0       0       0       0       0       0       0       0       0       0       0       0       0       0       0       0       0       0       0       0       0       0       0       0       0       0       0       0       0       0       0       0       0       0       0       0       0       0       0       0       0       0       0       0       0       0
      Temps:          1       0       0       0       0       0       0       0       0       0       0       0       0       0       0       0       0       0       0       0       0       0       0       0       0       0       0       0       0       0       0       0       0       0       0       0       0       0       0       0       0       0       0       0       0       0       0       0       0       0       0       0
      Totals:         1       0       0       0       0       0       0       0       0       0       0       0       0       0       0       0       0       0       0       0       0       0       0       0       0       0       0       0       0       0       0       0       0       0       0       0       0       0       0       0       0       0       0       0       0       0       0       0       0       0       0       0
Total ram usage:        1 bytes
 Hardware stack levels used:    1
 Hardware stack levels required when called:    1
 This function calls:
		_TMR3_ReadTimer
		_TMR5_ReadTimer
 This function is called by:
		_TMR0_Initialize
		_TMR0_ISR
 This function uses a non-reentrant model


 *************** function _TMR5_ReadTimer *****************
 Defined at:
		line 107 in file "mcc_generated_files/tmr5.c"
 Parameters:    Size  Location     Type
		None
 Auto vars:     Size  Location     Type
  readVal         2    2[COMMON] unsigned int 
 Return value:  Size  Location     Type
                  2    0[COMMON] unsigned int 
 Registers used:
		wreg
 Tracked objects:
		On entry : 
		On exit  : 
		Unchanged: 
 Data sizes:     COMMON   BANK0   BANK1   BANK2   BANK3   BANK4   BANK5   BANK6   BANK7   BANK8   BANK9  BANK10  BANK11  BANK12  BANK13  BANK14  BANK15  BANK16  BANK17  BANK18  BANK19  BANK20  BANK21  BANK22  BANK23  BANK24  BANK25  BANK26  BANK27  BANK28  BANK29  BANK30  BANK31  BANK32  BANK33  BANK34  BANK35  BANK36  BANK37  BANK38  BANK39  BANK40  BANK41  BANK42  BANK43  BANK44  BANK45  BANK46  BANK47  BANK48  BANK49  BANK50
      Params:         2       0       0       0       0       0       0       0       0       0       0       0       0       0       0       0       0       0       0       0       0       0       0       0       0       0       0       0       0       0       0       0       0       0       0       0       0       0       0       0       0       0       0       0       0       0       0       0       0       0       0       0
      Locals:         2       0       0       0       0       0       0       0       0       0       0       0       0       0       0       0       0       0       0       0       0       0       0       0       0       0       0       0       0       0       0       0       0       0       0       0       0       0       0       0       0       0       0       0       0       0       0       0       0       0       0       0
      Temps:          0       0       0       0       0       0       0       0       0       0       0       0       0       0       0       0       0       0       0       0       0       0       0       0       0       0       0       0       0       0       0       0       0       0       0       0       0       0       0       0       0       0       0       0       0       0       0       0       0       0       0       0
      Totals:         4       0       0       0       0       0       0       0       0       0       0       0       0       0       0       0       0       0       0       0       0       0       0       0       0       0       0       0       0       0       0       0       0       0       0       0       0       0       0       0       0       0       0       0       0       0       0       0       0       0       0       0
Total ram usage:        4 bytes
 Hardware stack levels used:    1
 This function calls:
		Nothing
 This function is called by:
		_TMR0_DefaultInterruptHandler
 This function uses a non-reentrant model


 *************** function _TMR3_ReadTimer *****************
 Defined at:
		line 107 in file "mcc_generated_files/tmr3.c"
 Parameters:    Size  Location     Type
		None
 Auto vars:     Size  Location     Type
  readVal         2    2[COMMON] unsigned int 
 Return value:  Size  Location     Type
                  2    0[COMMON] unsigned int 
 Registers used:
		wreg
 Tracked objects:
		On entry : 
		On exit  : 
		Unchanged: 
 Data sizes:     COMMON   BANK0   BANK1   BANK2   BANK3   BANK4   BANK5   BANK6   BANK7   BANK8   BANK9  BANK10  BANK11  BANK12  BANK13  BANK14  BANK15  BANK16  BANK17  BANK18  BANK19  BANK20  BANK21  BANK22  BANK23  BANK24  BANK25  BANK26  BANK27  BANK28  BANK29  BANK30  BANK31  BANK32  BANK33  BANK34  BANK35  BANK36  BANK37  BANK38  BANK39  BANK40  BANK41  BANK42  BANK43  BANK44  BANK45  BANK46  BANK47  BANK48  BANK49  BANK50
      Params:         2       0       0       0       0       0       0       0       0       0       0       0       0       0       0       0       0       0       0       0       0       0       0       0       0       0       0       0       0       0       0       0       0       0       0       0       0       0       0       0       0       0       0       0       0       0       0       0       0       0       0       0
      Locals:         2       0       0       0       0       0       0       0       0       0       0       0       0       0       0       0       0       0       0       0       0       0       0       0       0       0       0       0       0       0       0       0       0       0       0       0       0       0       0       0       0       0       0       0       0       0       0       0       0       0       0       0
      Temps:          0       0       0       0       0       0       0       0       0       0       0       0       0       0       0       0       0       0       0       0       0       0       0       0       0       0       0       0       0       0       0       0       0       0       0       0       0       0       0       0       0       0       0       0       0       0       0       0       0       0       0       0
      Totals:         4       0       0       0       0       0       0       0       0       0       0       0       0       0       0       0       0       0       0       0       0       0       0       0       0       0       0       0       0       0       0       0       0       0       0       0       0       0       0       0       0       0       0       0       0       0       0       0       0       0       0       0
Total ram usage:        4 bytes
 Hardware stack levels used:    1
 This function calls:
		Nothing
 This function is called by:
		_TMR0_DefaultInterruptHandler
 This function uses a non-reentrant model


 *************** function _EUSART_Receive_ISR *****************
 Defined at:
		line 200 in file "mcc_generated_files/eusart.c"
 Parameters:    Size  Location     Type
		None
 Auto vars:     Size  Location     Type
		None
 Return value:  Size  Location     Type
                  1    wreg      void 
 Registers used:
		wreg, fsr1l, fsr1h, status,2, status,0
 Tracked objects:
		On entry : 
		On exit  : 
		Unchanged: 
 Data sizes:     COMMON   BANK0   BANK1   BANK2   BANK3   BANK4   BANK5   BANK6   BANK7   BANK8   BANK9  BANK10  BANK11  BANK12  BANK13  BANK14  BANK15  BANK16  BANK17  BANK18  BANK19  BANK20  BANK21  BANK22  BANK23  BANK24  BANK25  BANK26  BANK27  BANK28  BANK29  BANK30  BANK31  BANK32  BANK33  BANK34  BANK35  BANK36  BANK37  BANK38  BANK39  BANK40  BANK41  BANK42  BANK43  BANK44  BANK45  BANK46  BANK47  BANK48  BANK49  BANK50
      Params:         0       0       0       0       0       0       0       0       0       0       0       0       0       0       0       0       0       0       0       0       0       0       0       0       0       0       0       0       0       0       0       0       0       0       0       0       0       0       0       0       0       0       0       0       0       0       0       0       0       0       0       0
      Locals:         0       0       0       0       0       0       0       0       0       0       0       0       0       0       0       0       0       0       0       0       0       0       0       0       0       0       0       0       0       0       0       0       0       0       0       0       0       0       0       0       0       0       0       0       0       0       0       0       0       0       0       0
      Temps:          1       0       0       0       0       0       0       0       0       0       0       0       0       0       0       0       0       0       0       0       0       0       0       0       0       0       0       0       0       0       0       0       0       0       0       0       0       0       0       0       0       0       0       0       0       0       0       0       0       0       0       0
      Totals:         1       0       0       0       0       0       0       0       0       0       0       0       0       0       0       0       0       0       0       0       0       0       0       0       0       0       0       0       0       0       0       0       0       0       0       0       0       0       0       0       0       0       0       0       0       0       0       0       0       0       0       0
Total ram usage:        1 bytes
 Hardware stack levels used:    1
 This function calls:
		Nothing
 This function is called by:
		_INTERRUPT_InterruptManager
 This function uses a non-reentrant model



MODULE INFORMATION

Module		Function		Class		Link	Load	Size
C:\Program Files (x86)\Microchip\xc8\v1.44\sources\common\lwmod.c
		___lwmod       		CODE           	230C	0000	46

C:\Program Files (x86)\Microchip\xc8\v1.44\sources\common\lwmod.c estimated size: 46

configuration.c
		_initMemRead   		CODE           	143C	0000	965
		_default_init  		CODE           	2163	0000	23
		_saveConfiguration		CODE           	2741	0000	192

configuration.c estimated size: 1180

C:\Program Files (x86)\Microchip\xc8\v1.44\sources\common\llmod.c
		___llmod       		CODE           	23D5	0000	68

C:\Program Files (x86)\Microchip\xc8\v1.44\sources\common\llmod.c estimated size: 68

keypad.c
		_keypad        		CODE           	254D	0000	119

keypad.c estimated size: 119

mcc_generated_files/pwm4.c
		_PWM4_Initialize		CODE           	20D9	0000	12
		_PWM4_LoadDutyValue		CODE           	2254	0000	32

mcc_generated_files/pwm4.c estimated size: 44

mcc_generated_files/tmr2.c
		_TMR2_Initialize		CODE           	20E4	0000	16
		_TMR2_Stop     		CODE           	2093	0000	4
		_TMR2_Start    		CODE           	2081	0000	4
		_TMR2_StopTimer		CODE           	1000	0000	4
		_TMR2_StartTimer		CODE           	2090	0000	4

mcc_generated_files/tmr2.c estimated size: 32

mcc_generated_files/interrupt_manager.c
		_INTERRUPT_InterruptManager		CODE           	0004	0000	26

mcc_generated_files/interrupt_manager.c estimated size: 26

mcc_generated_files/cwg2.c
		_CWG2_Initialize		CODE           	2105	0000	19

mcc_generated_files/cwg2.c estimated size: 19

mcc_generated_files/tmr0.c
		_TMR0_SetInterruptHandler		CODE           	20B1	0000	10
		_TMR0_StopTimer		CODE           	208D	0000	4
		_TMR0_DefaultInterruptHandler		CODE           	0749	0000	159
		_TMR0_StartTimer		CODE           	208A	0000	4
		_TMR0_ISR      		CODE           	214E	0000	22
		_TMR0_Initialize		CODE           	21C2	0000	28

mcc_generated_files/tmr0.c estimated size: 227

C:\Program Files (x86)\Microchip\xc8\v1.44\sources\common\awmod.c
		___awmod       		CODE           	2418	0000	71

C:\Program Files (x86)\Microchip\xc8\v1.44\sources\common\awmod.c estimated size: 71

mcc_generated_files/pin_manager.c
		_PIN_MANAGER_Initialize		CODE           	1003	0000	86

mcc_generated_files/pin_manager.c estimated size: 86

C:\Program Files (x86)\Microchip\xc8\v1.44\sources\common\lwdiv.c
		___lwdiv       		CODE           	2369	0000	54

C:\Program Files (x86)\Microchip\xc8\v1.44\sources\common\lwdiv.c estimated size: 54

C:\Program Files (x86)\Microchip\xc8\v1.44\sources\common\lldiv.c
		___lldiv       		CODE           	24FA	0000	84

C:\Program Files (x86)\Microchip\xc8\v1.44\sources\common\lldiv.c estimated size: 84

serialCmd.c
		_serialCommand 		CODE           	0BBE	0000	1091

serialCmd.c estimated size: 1091

C:\Program Files (x86)\Microchip\xc8\v1.44\sources\common\Umul16.c
		___wmul        		CODE           	21DD	0000	29

C:\Program Files (x86)\Microchip\xc8\v1.44\sources\common\Umul16.c estimated size: 29

mcc_generated_files/tmr5.c
		_TMR5_ReadTimer		CODE           	20C4	0000	11
		_TMR5_Initialize		CODE           	1800	0000	21
		_TMR5_WriteTimer		CODE           	2190	0000	24
		_TMR5_StartTimer		CODE           	2087	0000	4

mcc_generated_files/tmr5.c estimated size: 60

shared
		__initialization		CODE           	001F	0000	41

shared estimated size: 41

C:\Program Files (x86)\Microchip\xc8\v1.44\sources\common\awdiv.c
		___awdiv       		CODE           	24A8	0000	83

C:\Program Files (x86)\Microchip\xc8\v1.44\sources\common\awdiv.c estimated size: 83

C:\Program Files (x86)\Microchip\xc8\v1.44\sources\pic\eeread.c
		_eeprom_read   		CODE           	2129	0000	19

C:\Program Files (x86)\Microchip\xc8\v1.44\sources\pic\eeread.c estimated size: 19

mcc_generated_files/mcc.c
		_OSCILLATOR_Initialize		CODE           	20A8	0000	10
		_SYSTEM_Initialize		CODE           	2273	0000	37

mcc_generated_files/mcc.c estimated size: 47

mcc_generated_files/tmr3.c
		_TMR3_Initialize		CODE           	213B	0000	20
		_TMR3_WriteTimer		CODE           	2179	0000	24
		_TMR3_StartTimer		CODE           	2084	0000	4
		_TMR3_ReadTimer		CODE           	20BA	0000	11

mcc_generated_files/tmr3.c estimated size: 59

mcc_generated_files/pwm3.c
		_PWM3_Initialize		CODE           	20CE	0000	12
		_PWM3_LoadDutyValue		CODE           	2235	0000	32

mcc_generated_files/pwm3.c estimated size: 44

C:\Program Files (x86)\Microchip\xc8\v1.44\sources\common\aldiv.c
		___aldiv       		CODE           	2639	0000	131

C:\Program Files (x86)\Microchip\xc8\v1.44\sources\common\aldiv.c estimated size: 131

mcc_generated_files/cwg1.c
		_CWG1_Initialize		CODE           	20F3	0000	19

mcc_generated_files/cwg1.c estimated size: 19

lcd.c
		_display       		CODE           	2297	0000	38
		_lcd           		CODE           	245E	0000	75
		_lcdInit       		CODE           	2217	0000	31
		_number_2      		CODE           	239E	0000	56
		_number_3      		CODE           	26BB	0000	135
		_number_4      		CODE           	1EB8	0000	329
		_number_5      		CODE           	1058	0000	441

lcd.c estimated size: 1105

C:\Program Files (x86)\Microchip\xc8\v1.44\sources\common\Umul32.c
		___lmul        		CODE           	2339	0000	49

C:\Program Files (x86)\Microchip\xc8\v1.44\sources\common\Umul32.c estimated size: 49

C:\Program Files (x86)\Microchip\xc8\v1.44\sources\pic\eewrite.c
		_eeprom_write  		CODE           	22BC	0000	38

C:\Program Files (x86)\Microchip\xc8\v1.44\sources\pic\eewrite.c estimated size: 38

mcc_generated_files/eusart.c
		_putch         		CODE           	2096	0000	7
		_EUSART_Initialize		CODE           	21F9	0000	31
		_getch         		CODE           	07E7	0000	26
		_EUSART_Receive_ISR		CODE           	21A7	0000	28

mcc_generated_files/eusart.c estimated size: 92

mcc_generated_files/adcc.c
		_ADCC_GetSingleConversion		CODE           	2117	0000	19
		_ADCC_Initialize		CODE           	0800	0000	27

mcc_generated_files/adcc.c estimated size: 46

main.c
		_default_menu  		CODE           	1968	0000	198
		_checkMainSupplyFailure		CODE           	18A6	0000	195
		_main          		CODE           	1A2D	0000	2329
		_stopMotor     		CODE           	1814	0000	147
		_ouputOnAntiClock		CODE           	08FA	0000	709
		_startMotor    		CODE           	25C3	0000	119
		_ouputOnClockwise		CODE           	1210	0000	557
		_outputOn      		CODE           	1C47	0000	306
		_checkBatteryVoltage		CODE           	1D78	0000	321
		_checkCurrentSensor		CODE           	081A	0000	225

main.c estimated size: 5106

